training seeds 60, holdout seeds [50000, 50001, 50002, 50003, 50004, 50005, 50007, 50008, 50009, 50010]

=== land ===
  land generation  0 mean     177.0 best     220.8 [48s]
  land generation  1 mean     157.0 best     178.0 [136s]
  land generation  2 mean     159.4 best     173.8 [214s]
  land generation  3 mean     205.7 best     247.0 [307s]
  land generation  4 mean     150.7 best     298.2 [348s]
  land generation  5 mean     197.6 best     247.5 [404s]
  land generation  6 mean     169.1 best     241.8 [454s]
  land generation  7 mean     240.8 best     263.2 [530s]
  land generation  8 mean     194.7 best     211.8 [594s]
  land generation  9 mean     212.0 best     246.8 [666s]
  land generation 10 mean     314.1 best     320.2 [723s]
  land generation 11 mean     234.1 best     263.0 [781s]
  land generation 12 mean     189.8 best     198.2 [854s]
  land generation 13 mean     186.5 best     186.5 [906s]
  trained   {'return': 229.9, 'held_tiles': 229.9, 'seats_held': 1.0, 'live_units': 4.6, 'population': 4.6, 'store_total': 11742947.8, 'best_renown': 0.0, 'wonder_progress': 0.0, 'won': 0.0, 'lost': 0.0}
  untrained {'return': 173.5, 'held_tiles': 173.5, 'seats_held': 1.0, 'live_units': 6.3, 'population': 6.3, 'store_total': 12151427.0, 'best_renown': 0.0, 'wonder_progress': 0.0, 'won': 0.0, 'lost': 0.0}
  random    {'return': 111.6, 'held_tiles': 161.6, 'seats_held': 0.9, 'live_units': 4.9, 'population': 4.9, 'store_total': 6981645.8, 'best_renown': 0.0, 'wonder_progress': 45.8, 'won': 0.0, 'lost': 0.1}

=== people ===
  people generation  0 mean      59.6 best      73.0 [52s]
  people generation  1 mean      60.0 best      87.8 [112s]
  people generation  2 mean      54.1 best      69.7 [171s]
  people generation  3 mean      67.8 best      91.5 [224s]
  people generation  4 mean      -7.5 best      81.3 [269s]
  people generation  5 mean      69.3 best      93.4 [332s]
  people generation  6 mean      77.1 best     124.6 [386s]
  people generation  7 mean      96.6 best     109.9 [453s]
  people generation  8 mean     -58.2 best     -43.0 [504s]
  people generation  9 mean      70.7 best      70.7 [551s]
  people generation 10 mean     174.0 best     181.2 [597s]
  people generation 11 mean     100.7 best     109.4 [650s]
  people generation 12 mean      44.2 best      66.9 [700s]
  people generation 13 mean      52.9 best      65.1 [746s]
  trained   {'return': 92.7, 'held_tiles': 252.0, 'seats_held': 1.0, 'live_units': 11.9, 'population': 11.9, 'store_total': 12583091.8, 'best_renown': 0.0, 'wonder_progress': 0.0, 'won': 0.0, 'lost': 0.0}
  untrained {'return': 56.275, 'held_tiles': 173.5, 'seats_held': 1.0, 'live_units': 6.3, 'population': 6.3, 'store_total': 12151427.0, 'best_renown': 0.0, 'wonder_progress': 0.0, 'won': 0.0, 'lost': 0.0}
  random    {'return': 62.925, 'held_tiles': 191.7, 'seats_held': 1.0, 'live_units': 7.0, 'population': 7.0, 'store_total': 10492292.0, 'best_renown': 1638.4, 'wonder_progress': 269.7, 'won': 0.0, 'lost': 0.0}

=== war ===
  war generation  0 mean     147.5 best     188.9 [68s]
  war generation  1 mean     137.4 best     166.4 [124s]
  war generation  2 mean     150.6 best     170.4 [185s]
  war generation  3 mean     201.6 best     224.9 [244s]
  war generation  4 mean      75.5 best     183.8 [288s]
  war generation  5 mean     221.5 best     271.4 [354s]
  war generation  6 mean     124.6 best     143.5 [431s]
  war generation  7 mean     200.3 best     230.4 [509s]
  war generation  8 mean     140.2 best     167.6 [562s]
  war generation  9 mean     165.6 best     202.4 [613s]
  war generation 10 mean     388.4 best     421.9 [669s]
  war generation 11 mean     163.6 best     249.2 [724s]
  war generation 12 mean     118.5 best     179.4 [775s]
  war generation 13 mean     147.4 best     167.4 [824s]
  trained   {'return': 164.5, 'held_tiles': 217.4, 'seats_held': 0.9, 'live_units': 4.7, 'population': 4.7, 'store_total': 11185147.0, 'best_renown': 0.0, 'wonder_progress': 34.0, 'won': 0.0, 'lost': 0.0}
  untrained {'return': 153.95, 'held_tiles': 173.5, 'seats_held': 1.0, 'live_units': 6.3, 'population': 6.3, 'store_total': 12151427.0, 'best_renown': 0.0, 'wonder_progress': 0.0, 'won': 0.0, 'lost': 0.0}
  random    {'return': 75.2, 'held_tiles': 207.9, 'seats_held': 1.0, 'live_units': 7.3, 'population': 7.3, 'store_total': 9636838.0, 'best_renown': 1638.4, 'wonder_progress': 107.4, 'won': 0.0, 'lost': 0.1}

=== wealth ===
  wealth generation  0 mean     229.1 best     308.3 [56s]
  wealth generation  1 mean     264.2 best     301.7 [147s]
  wealth generation  2 mean     290.9 best     341.4 [224s]
  wealth generation  3 mean     260.9 best     296.8 [271s]
  wealth generation  4 mean     324.9 best     351.0 [333s]
  wealth generation  5 mean     254.3 best     291.9 [423s]
  wealth generation  6 mean     239.6 best     297.3 [509s]
  wealth generation  7 mean     330.6 best     378.3 [603s]
  wealth generation  8 mean     256.1 best     282.0 [682s]
  wealth generation  9 mean     271.8 best     311.4 [756s]
  wealth generation 10 mean     364.9 best     378.2 [831s]
  wealth generation 11 mean     266.0 best     325.5 [910s]
  wealth generation 12 mean     268.4 best     355.7 [991s]
  wealth generation 13 mean     161.0 best     194.7 [1064s]
  trained   {'return': 237.524964, 'held_tiles': 153.5, 'seats_held': 0.9, 'live_units': 4.5, 'population': 4.5, 'store_total': 16077496.4, 'best_renown': 0.0, 'wonder_progress': 0.0, 'won': 0.0, 'lost': 0.0}
  untrained {'return': 208.26427000000004, 'held_tiles': 173.5, 'seats_held': 1.0, 'live_units': 6.3, 'population': 6.3, 'store_total': 12151427.0, 'best_renown': 0.0, 'wonder_progress': 0.0, 'won': 0.0, 'lost': 0.0}
  random    {'return': 103.57861200000002, 'held_tiles': 203.9, 'seats_held': 1.0, 'live_units': 6.3, 'population': 6.3, 'store_total': 10101127.8, 'best_renown': 4915.2, 'wonder_progress': 117.0, 'won': 0.0, 'lost': 0.2}

=== land-long ===
  land-long generation  0 mean     166.6 best     323.2 [324s]
  land-long generation  1 mean     145.0 best     233.2 [669s]
  land-long generation  2 mean     189.9 best     254.2 [991s]
  land-long generation  3 mean     231.2 best     280.5 [1231s]
  land-long generation  4 mean     138.3 best     248.2 [1405s]
  land-long generation  5 mean     220.4 best     301.2 [1581s]
  land-long generation  6 mean     187.5 best     252.2 [1692s]
  land-long generation  7 mean     312.8 best     383.8 [1841s]
  land-long generation  8 mean     281.3 best     325.2 [1969s]
  land-long generation  9 mean     140.6 best     230.5 [2086s]
  land-long generation 10 mean     330.5 best     376.2 [2192s]
  land-long generation 11 mean     171.5 best     273.8 [2312s]
  land-long generation 12 mean     189.1 best     268.2 [2449s]
  land-long generation 13 mean     221.3 best     225.2 [2561s]
  trained   {'return': 239.8, 'held_tiles': 289.9, 'seats_held': 1.0, 'live_units': 5.2, 'population': 5.2, 'store_total': 11847233.2, 'best_renown': 0.0, 'wonder_progress': 0.0, 'won': 0.0, 'lost': 0.1}
  untrained {'return': 123.8, 'held_tiles': 173.8, 'seats_held': 1.0, 'live_units': 6.7, 'population': 6.7, 'store_total': 12318827.0, 'best_renown': 0.0, 'wonder_progress': 0.0, 'won': 0.0, 'lost': 0.1}
  random    {'return': 214.4, 'held_tiles': 264.4, 'seats_held': 1.0, 'live_units': 7.7, 'population': 7.7, 'store_total': 9455280.2, 'best_renown': 4915.2, 'wonder_progress': 383.2, 'won': 0.0, 'lost': 0.1}

wrote runs/learn/report.json in 6333.5s
