=== Run cachette-bench-20260903-000729-4033996, profile full, c7g.large in us-west-2
=== Commit 9aaf6443f80ebfdb35348d679d7c23604bb3807b, working tree clean
=== Image ami-0659940a146188c5b
=== Admitting 50.53.214.7 only
=== Security group sg-0b6cd65f6f1f0ada0
=== Key pair cachette-bench-20260903-000729-4033996
=== Instance i-0fe586781df364c04
=== Address 18.246.7.163
=== Waiting for the instance to accept a connection
=== Copying the tracked files
=== Starting the benchmark on the instance. It runs detached
started
=== Waiting for the run to finish. Progress follows
   running  # rustc	rustc 1.91.1 (ed61e7d7e 2025-11-07)
   running       Running benches/target_cost.rs (target/release/deps/target_cost-ccb7928979ac5114)
   running       Running benches/target_cost.rs (target/release/deps/target_cost-ccb7928979ac5114)
   running       Running benches/target_cost.rs (target/release/deps/target_cost-ccb7928979ac5114)
   running       Running benches/target_cost.rs (target/release/deps/target_cost-ccb7928979ac5114)
   done       Running benches/target_cost.rs (target/release/deps/target_cost-ccb7928979ac5114)
=== Wrote /tmp/w29-graviton-full.txt
# run_id	cachette-bench-20260903-000729-4033996
# region	us-west-2
# instance_type	c7g.large
# commit	9aaf6443f80ebfdb35348d679d7c23604bb3807b
# working_tree	clean
# taken_utc	2026-09-03T00:14:45Z
# machine facts
# uname	Linux 6.18.44-99.149.amzn2023.aarch64 aarch64
# instance_type	c7g.large
# cpu_implementer	0x41
# cpu_part	0xd40
# cpu_count	2
# cache_line_bytes	64
# memory_kb	3897492
# rustc	rustc 1.91.1 (ed61e7d7e 2025-11-07)
# cachette target cost benchmark
# profile	full
# target_triple	aarch64-unix-linux
# available_parallelism	2
# seed	81985529216486895
# faction_count	8
# settlements	0
# every duration is in nanoseconds
# a thread count of zero means the call takes no thread count
bench	tiles	units	threads	samples	min_ns	median_ns	max_ns
build	4096	0	0	9	1153188	1156689	1274970
build	65536	0	0	9	18065869	18071591	18254339
build	1048576	0	0	9	287286297	287321050	289491597
build	4194304	0	0	9	1155862111	1156171565	1156818869
build	16777216	0	0	3	4630439413	4630699305	4633008922
build_at_target_reservation	16777216	1000000	0	3	4631091404	4631106264	4631420212
state_hash	4096	0	0	9	1273541	1278276	1292892
state_hash	65536	0	0	9	21283563	21343512	21505996
state_hash	1048576	0	0	9	351362737	351741590	351997609
state_hash	4194304	0	0	7	1426173459	1427107778	1445243855
state_hash	16777216	0	0	3	6018511641	6023536841	6023813980
step_by_tiles	4096	0	1	9	1472983	1511341	1642037
step_by_tiles	4096	0	2	9	2448516	2535514	3670996
step_by_tiles	4096	0	4	9	235419	242654	276706
step_by_tiles	65536	0	1	9	4683312	4997363	5378755
step_by_tiles	65536	0	2	9	4509280	4845675	5827293
step_by_tiles	65536	0	4	9	6952238	7678044	8506648
step_by_tiles	1048576	0	1	9	72321895	74683858	84260887
step_by_tiles	1048576	0	2	9	38095061	38983900	46100844
step_by_tiles	1048576	0	4	9	40833011	45872330	51309765
step_by_tiles	4194304	0	1	9	286187036	291980590	335700630
step_by_tiles	4194304	0	2	9	164716910	168199802	194785952
step_by_tiles	4194304	0	4	9	158612382	166862993	193992172
step_by_tiles	16777216	0	1	8	1270605624	1303922093	1457765572
step_by_tiles	16777216	0	2	9	707988028	718533494	811507732
step_by_tiles	16777216	0	4	9	730095296	742332248	842049703
step_by_units	4194304	0	1	9	303919358	309426222	352424250
step_by_units	4194304	0	2	9	164958771	168031578	193613809
step_by_units	4194304	0	4	9	159873272	165813439	190615890
step_by_units	4194304	10000	1	9	310294762	315203913	358105768
step_by_units	4194304	10000	2	9	168839527	171504795	196420606
step_by_units	4194304	10000	4	9	163614638	168373126	194237013
step_by_units	4194304	100000	1	9	362946177	365723806	391955811
step_by_units	4194304	100000	2	9	206043380	209690746	230021514
step_by_units	4194304	100000	4	9	200561755	207498707	231548700
step_by_units	4194304	1000000	1	9	840637132	866042558	927499751
step_by_units	4194304	1000000	2	9	550258972	578770080	624622056
step_by_units	4194304	1000000	4	9	559232237	582273957	626056798
step_at_target_scale	16777216	1000000	1	6	1840105650	1860922702	1940664749
step_at_target_scale	16777216	1000000	2	9	1119920790	1135293186	1190617672
step_at_target_scale	16777216	1000000	4	9	1125529839	1139342771	1170654514

--- teardown ---
Terminating i-0fe586781df364c04
Terminated i-0fe586781df364c04
{
    "Return": true,
    "GroupId": "sg-0b6cd65f6f1f0ada0"
}
Deleted security group sg-0b6cd65f6f1f0ada0
{
    "Return": true,
    "KeyPairId": "key-02eeb814b165a08b9"
}
Deleted key pair cachette-bench-20260903-000729-4033996
Checking that nothing this script creates is still running.
Instances tagged Purpose=blk-007-target-benchmark that are not terminated, in us-west-2:
Key pairs and security groups tagged Purpose=blk-007-target-benchmark:
An empty list under a heading means nothing is left.
