=== Run cachette-bench-20260903-004855-3618550, profile full, c7g.4xlarge in us-west-2
=== Extents: the profile default
=== Threads: 1 2 4 12 16
=== Units:   the profile default
=== The instance destroys itself after 180 minutes
=== Commit 6b845be102134c21b31f762fda3cee705cbeeb2b, working tree clean
=== Image ami-0659940a146188c5b
=== Admitting 50.53.214.7 only
=== Security group sg-091d51543c9c7bbf1
=== Key pair cachette-bench-20260903-004855-3618550
=== Instance i-00669c75531a1b126
=== Address 44.234.57.50
=== Waiting for the instance to accept a connection
=== Copying the tracked files
=== Starting the benchmark on the instance. It runs detached
started
=== Waiting for the run to finish. Progress follows
   running  # rustc	rustc 1.91.1 (ed61e7d7e 2025-11-07)
   running       Running benches/target_cost.rs (target/release/deps/target_cost-ccb7928979ac5114)
   running       Running benches/target_cost.rs (target/release/deps/target_cost-ccb7928979ac5114)
   running       Running benches/target_cost.rs (target/release/deps/target_cost-ccb7928979ac5114)
   running       Running benches/target_cost.rs (target/release/deps/target_cost-ccb7928979ac5114)
   running       Running benches/target_cost.rs (target/release/deps/target_cost-ccb7928979ac5114)
   running       Running benches/target_cost.rs (target/release/deps/target_cost-ccb7928979ac5114)
   done       Running benches/target_cost.rs (target/release/deps/target_cost-ccb7928979ac5114)
=== Wrote /tmp/w29-graviton-4xlarge.txt
# run_id	cachette-bench-20260903-004855-3618550
# region	us-west-2
# instance_type	c7g.4xlarge
# commit	6b845be102134c21b31f762fda3cee705cbeeb2b
# working_tree	clean
# taken_utc	2026-09-03T00:57:44Z
# machine facts
# uname	Linux 6.18.44-99.149.amzn2023.aarch64 aarch64
# instance_type	c7g.4xlarge
# cpu_implementer	0x41
# cpu_part	0xd40
# cpu_count	16
# cache_line_bytes	64
# memory_kb	32246808
# rustc	rustc 1.91.1 (ed61e7d7e 2025-11-07)
# cachette target cost benchmark
# profile	full
# target_triple	aarch64-unix-linux
# available_parallelism	16
# seed	81985529216486895
# faction_count	8
# settlements	0
# every duration is in nanoseconds
# a thread count of zero means the call takes no thread count
bench	tiles	units	threads	samples	min_ns	median_ns	max_ns
build	4096	0	0	9	1178508	1189665	1370799
build	65536	0	0	9	18096642	18099749	18282420
build	1048576	0	0	9	287456064	287509793	289825287
build	4194304	0	0	9	1156823643	1157183481	1157780822
build	16777216	0	0	3	4636191433	4636309563	4638105825
build_at_target_reservation	16777216	1000000	0	3	4636414527	4637235543	4637672309
state_hash	4096	0	0	9	1276666	1282615	1298580
state_hash	65536	0	0	9	21262532	21272684	21377755
state_hash	1048576	0	0	9	351351703	351620466	351964335
state_hash	4194304	0	0	8	1424822378	1426095428	1427671952
state_hash	16777216	0	0	3	6018879287	6020360980	6022534409
step_by_tiles	4096	0	1	9	1717026	1744274	1896541
step_by_tiles	4096	0	2	9	2306275	2338395	2465025
step_by_tiles	4096	0	4	9	210463	216027	248083
step_by_tiles	4096	0	12	9	291742	332634	381595
step_by_tiles	4096	0	16	9	342502	396705	454637
step_by_tiles	65536	0	1	9	4982822	5099313	5656232
step_by_tiles	65536	0	2	9	4163700	4257284	4748725
step_by_tiles	65536	0	4	9	4925825	5103368	5516727
step_by_tiles	65536	0	12	9	9637008	9952308	10708199
step_by_tiles	65536	0	16	9	13911391	14729123	15271263
step_by_tiles	1048576	0	1	9	73085231	73669292	85340039
step_by_tiles	1048576	0	2	9	37502534	38355233	45016455
step_by_tiles	1048576	0	4	9	25545133	26213968	30578016
step_by_tiles	1048576	0	12	9	22504222	23490612	24267862
step_by_tiles	1048576	0	16	9	24881684	25446686	27096053
step_by_tiles	4194304	0	1	9	286930898	292797311	336879542
step_by_tiles	4194304	0	2	9	165799063	168525184	195158892
step_by_tiles	4194304	0	4	9	94216038	96860321	116157579
step_by_tiles	4194304	0	12	9	60061382	61796720	71233285
step_by_tiles	4194304	0	16	9	58284041	59992025	73305872
step_by_tiles	16777216	0	1	8	1265389463	1304351811	1461720279
step_by_tiles	16777216	0	2	9	704467143	716310130	813892821
step_by_tiles	16777216	0	4	9	438273221	444188060	501454124
step_by_tiles	16777216	0	12	9	241174924	247703940	273698751
step_by_tiles	16777216	0	16	9	210788974	212768859	248676104
step_by_units	4194304	0	1	9	304007597	309451825	353963846
step_by_units	4194304	0	2	9	165490045	168193306	193524047
step_by_units	4194304	0	4	9	93961116	96668092	116226479
step_by_units	4194304	0	12	9	60404398	62262243	72036426
step_by_units	4194304	0	16	9	58249543	59994847	72758851
step_by_units	4194304	10000	1	9	311377770	317134685	357567720
step_by_units	4194304	10000	2	9	169602316	173992098	198989514
step_by_units	4194304	10000	4	9	98892057	100642724	116506830
step_by_units	4194304	10000	12	9	64804280	66011497	75277327
step_by_units	4194304	10000	16	9	63020801	64511186	77297883
step_by_units	4194304	100000	1	9	363083821	366151243	401824560
step_by_units	4194304	100000	2	9	208075968	209997919	230769076
step_by_units	4194304	100000	4	9	127815907	129865250	145846669
step_by_units	4194304	100000	12	9	88990069	90361628	97612221
step_by_units	4194304	100000	16	9	86424837	89265763	97551034
step_by_units	4194304	1000000	1	9	837376783	870663100	931796421
step_by_units	4194304	1000000	2	9	550162380	584268553	622467209
step_by_units	4194304	1000000	4	9	418979726	445365659	476276656
step_by_units	4194304	1000000	12	9	333401457	360139757	384476187
step_by_units	4194304	1000000	16	9	327615102	363437973	376565148
step_at_target_scale	16777216	1000000	1	6	1827238759	1848231346	1945931865
step_at_target_scale	16777216	1000000	2	9	1107133264	1120190816	1159728596
step_at_target_scale	16777216	1000000	4	9	751737651	767062531	790873646
step_at_target_scale	16777216	1000000	12	9	506451963	517347864	536613400
step_at_target_scale	16777216	1000000	16	9	479584531	500368433	526893922
# cachette target cost benchmark
# profile	full
# target_triple	aarch64-unix-linux
# available_parallelism	16
# seed	81985529216486895
# faction_count	8
# settlements	0
# every duration is in nanoseconds
# a thread count of zero means the call takes no thread count
bench	tiles	units	threads	empty_bytes	resident_bytes	peak_bytes
memory	4096	0	1	2056192	2564096	2564096
memory	65536	0	1	2027520	4476928	5443584
memory	65536	10000	1	2064384	5570560	6639616
memory	1048576	0	1	2015232	33947648	55984128
memory	1048576	10000	1	2121728	35262464	57225216
memory	1048576	100000	1	2027520	45568000	67608576
memory	4194304	0	1	2068480	155004928	192585728
memory	4194304	10000	1	2048000	156016640	193576960
memory	4194304	100000	1	2076672	166506496	204083200
memory	4194304	1000000	1	2097152	217436160	294014976
memory	16777216	0	1	2076672	456155136	707706880
memory	16777216	10000	1	2031616	457134080	708923392
memory	16777216	100000	1	2015232	463851520	721616896
memory	16777216	1000000	1	2121728	545161216	871923712
# invariant 9, one frame at the target scale, overflow checks on
   Compiling libc v0.2.189
   Compiling cfg-if v1.0.4
   Compiling getrandom v0.3.4
   Compiling proc-macro2 v1.0.107
   Compiling unicode-ident v1.0.24
   Compiling quote v1.0.47
   Compiling getrandom v0.4.3
   Compiling rustix v1.1.4
   Compiling zerocopy v0.8.56
   Compiling bitflags v2.13.1
   Compiling autocfg v1.5.1
   Compiling linux-raw-sys v0.12.1
   Compiling fastrand v2.5.0
   Compiling once_cell v1.21.4
   Compiling bit-vec v0.8.0
   Compiling fnv v1.0.7
   Compiling quick-error v1.2.3
   Compiling regex-syntax v0.8.11
   Compiling unarray v0.1.4
   Compiling bit-set v0.8.0
   Compiling num-traits v0.2.19
   Compiling syn v3.0.4
   Compiling wait-timeout v0.2.1
   Compiling rand_core v0.9.5
   Compiling tempfile v3.27.0
   Compiling rand v0.9.5
   Compiling rand_xorshift v0.4.0
   Compiling rusty-fork v0.3.1
   Compiling bytemuck_derive v1.12.0
   Compiling bytemuck v1.25.2
   Compiling cachette-core v0.0.0 (/home/ec2-user/cachette/crates/cachette-core)
   Compiling ppv-lite86 v0.2.21
   Compiling rand_chacha v0.9.0
   Compiling proptest v1.11.0
    Finished `bench` profile [optimized + debuginfo] target(s) in 17.06s
     Running benches/target_cost.rs (target/release/deps/target_cost-8f1fec0ade5835cf)
# cachette target cost benchmark
# profile	full
# target_triple	aarch64-unix-linux
# available_parallelism	16
# seed	81985529216486895
# faction_count	8
# settlements	0
# every duration is in nanoseconds
# a thread count of zero means the call takes no thread count
bench	tiles	units	threads	empty_bytes	resident_bytes	peak_bytes
memory	16777216	1000000	2	2101248	571658240	898244608
# overflow_checked_target_scale	passed

--- teardown ---
Terminating i-00669c75531a1b126
Terminated i-00669c75531a1b126
{
    "Return": true,
    "GroupId": "sg-091d51543c9c7bbf1"
}
Deleted security group sg-091d51543c9c7bbf1
{
    "Return": true,
    "KeyPairId": "key-0cc83eaabf536e5ce"
}
Deleted key pair cachette-bench-20260903-004855-3618550
Checking that nothing this script creates is still running.
Instances tagged Purpose=blk-007-target-benchmark that are not terminated, in us-west-2:
Key pairs and security groups tagged Purpose=blk-007-target-benchmark:
An empty list under a heading means nothing is left.
