training seeds 80, holdout seeds 24

=== controller baseline ===
  controller {'return': -475.7458333333332, 'episodes': 24.0, 'held_tiles': 242.54166666666666, 'seats_held': 1.0, 'live_units': 5.583333333333333, 'population': 5.583333333333333, 'store_total': 7564212.583333333, 'best_renown': 473088.0, 'wonder_progress': 357.5, 'won': 0.375, 'lost': 0.625, 'drawn': 0.0, 'unresolved': 0.0, 'end_tick': 1263.3333333333333}

=== conquer (linear) ===
  conquer generation  0 mean   -1548.5 best      36.5 won  0.11 [317s]
  conquer generation  1 mean   -1859.1 best    -981.6 won  0.03 [598s]
  conquer generation  2 mean   -1734.9 best    -980.8 won  0.06 [871s]
  conquer generation  3 mean   -1604.2 best      29.0 won  0.09 [1178s]
  conquer generation  4 mean   -1983.8 best   -1978.8 won  0.00 [1414s]
  conquer generation  5 mean   -1723.8 best    -963.5 won  0.06 [1756s]
  conquer generation  6 mean    -985.0 best      13.2 won  0.25 [2085s]
  conquer generation  7 mean    -726.9 best    1028.0 won  0.31 [2552s]
  conquer generation  8 mean   -1362.2 best      10.9 won  0.16 [2788s]
  conquer generation  9 mean   -1861.1 best    -983.8 won  0.03 [3105s]
  conquer generation 10 mean     198.8 best    1010.3 won  0.55 [3300s]
  conquer generation 11 mean   -1299.6 best    -985.7 won  0.17 [3503s]
  conquer generation 12 mean   -1675.9 best    -990.7 won  0.08 [3750s]
  conquer generation 13 mean    -494.9 best       6.5 won  0.38 [3996s]
  conquer generation 14 mean   -1930.6 best    -992.8 won  0.02 [4159s]
  conquer generation 15 mean   -1995.8 best   -1995.8 won  0.00 [4254s]
  conquer generation 16 mean   -1984.3 best   -1984.3 won  0.00 [4650s]
  conquer generation 17 mean   -1988.3 best   -1988.3 won  0.00 [4924s]
  trained     return    -1153.1 tiles   136.0 won  0.21 lost  0.79
  untrained   return    -1817.4 tiles   159.1 won  0.04 lost  0.96
  random      return    -1248.5 tiles   292.5 won  0.18 lost  0.82
  controller  return     -475.7 tiles   242.5 won  0.38 lost  0.62

=== conquer-net (mlp) ===
